// Jest Snapshot v1, https://goo.gl/fbAQLP

exports[`Pruebas PrimeraApp debe mostrar <PrimeraApp /> correctamente 1`] = `
<Fragment>
  <h1>
    Helouda
  </h1>
  <p />
</Fragment>
`;
